
> next-ui-project@0.1.0 build
> next build

   Γû▓ Next.js 15.5.7
   - Environments: .env.local, .env

   Creating an optimized production build ...
node.exe : Browserslist: browsers data (caniuse-lite) is 6 months old. Please run:
At C:\Program Files\nodejs\npm.ps1:29 char:3
+   & $NODE_EXE $NPM_CLI_JS $args
+   ~~~~~~~~~~~~~~~~~~~~~~~~~~~~~
    + CategoryInfo          : NotSpecified: (Browserslist: b...ld. Please run::String) [], RemoteException
    + FullyQualifiedErrorId : NativeCommandError
 
  npx update-browserslist-db@latest
  Why you should do it regularly: https://github.com/browserslist/update-db#readme
 Γ£ô Compiled successfully in 10.7s
   Skipping validation of types
   Linting ...

./src/app/account/page.tsx
6:30  Warning: 'Shield' is defined but never used.  @typescript-eslint/no-unused-vars
6:46  Warning: 'ArrowRight' is defined but never used.  @typescript-eslint/no-unused-vars
24:36  Warning: Unexpected any. Specify a different type.  @typescript-eslint/no-explicit-any
32:6  Warning: React Hook useEffect has a missing dependency: 'loadUserData'. Either include it or remove the dependency array.  react-hooks/exhaustive-deps
133:9  Warning: 'expiredPurchases' is assigned a value but never used.  @typescript-eslint/no-unused-vars
189:21  Warning: Using `<img>` could result in slower LCP and higher bandwidth. Consider using `<Image />` from `next/image` or a custom image loader to automatically optimize images. This may incur additional usage or cost from your provider. See: https://nextjs.org/docs/messages/no-img-element  @next/next/no-img-element

./src/app/admin/albums/page.tsx
338:35  Warning: Using `<img>` could result in slower LCP and higher bandwidth. Consider using `<Image />` from `next/image` or a custom image loader to automatically optimize images. This may incur additional usage or cost from your provider. See: https://nextjs.org/docs/messages/no-img-element  @next/next/no-img-element
392:29  Warning: Using `<img>` could result in slower LCP and higher bandwidth. Consider using `<Image />` from `next/image` or a custom image loader to automatically optimize images. This may incur additional usage or cost from your provider. See: https://nextjs.org/docs/messages/no-img-element  @next/next/no-img-element

./src/app/admin/albums/[id]/page.tsx
7:20  Warning: 'getAlbums' is defined but never used.  @typescript-eslint/no-unused-vars
69:6  Warning: React Hook useEffect has missing dependencies: 'loadAlbum' and 'loadCollections'. Either include them or remove the dependency array.  react-hooks/exhaustive-deps
270:23  Warning: Using `<img>` could result in slower LCP and higher bandwidth. Consider using `<Image />` from `next/image` or a custom image loader to automatically optimize images. This may incur additional usage or cost from your provider. See: https://nextjs.org/docs/messages/no-img-element  @next/next/no-img-element
328:19  Warning: Using `<img>` could result in slower LCP and higher bandwidth. Consider using `<Image />` from `next/image` or a custom image loader to automatically optimize images. This may incur additional usage or cost from your provider. See: https://nextjs.org/docs/messages/no-img-element  @next/next/no-img-element

./src/app/admin/collections/page.tsx
18:12  Warning: Unexpected any. Specify a different type.  @typescript-eslint/no-explicit-any
47:10  Warning: 'editingId' is assigned a value but never used.  @typescript-eslint/no-unused-vars
47:21  Warning: 'setEditingId' is assigned a value but never used.  @typescript-eslint/no-unused-vars
65:62  Warning: Unexpected any. Specify a different type.  @typescript-eslint/no-explicit-any
257:21  Warning: 'videoUpload' is assigned a value but never used.  @typescript-eslint/no-unused-vars
271:21  Warning: 'thumbnailUpload' is assigned a value but never used.  @typescript-eslint/no-unused-vars
289:25  Warning: 'photoUpload' is assigned a value but never used.  @typescript-eslint/no-unused-vars
317:21  Warning: 'createData' is assigned a value but never used.  @typescript-eslint/no-unused-vars
382:21  Warning: Unexpected any. Specify a different type.  @typescript-eslint/no-explicit-any

./src/app/admin/collections/[id]/edit/page.tsx
155:11  Warning: 'photos' is never reassigned. Use 'const' instead.  prefer-const
166:22  Warning: Unexpected any. Specify a different type.  @typescript-eslint/no-explicit-any
205:19  Warning: Unexpected any. Specify a different type.  @typescript-eslint/no-explicit-any

./src/app/admin/debug/page.tsx
7:42  Warning: Unexpected any. Specify a different type.  @typescript-eslint/no-explicit-any
22:19  Warning: Unexpected any. Specify a different type.  @typescript-eslint/no-explicit-any
42:19  Warning: Unexpected any. Specify a different type.  @typescript-eslint/no-explicit-any
84:19  Warning: Unexpected any. Specify a different type.  @typescript-eslint/no-explicit-any

./src/app/admin/hero/page.tsx
4:37  Warning: 'getSignedUrl' is defined but never used.  @typescript-eslint/no-unused-vars
5:39  Warning: 'Save' is defined but never used.  @typescript-eslint/no-unused-vars
5:45  Warning: 'X' is defined but never used.  @typescript-eslint/no-unused-vars
24:10  Warning: 'editingId' is assigned a value but never used.  @typescript-eslint/no-unused-vars
24:21  Warning: 'setEditingId' is assigned a value but never used.  @typescript-eslint/no-unused-vars
86:21  Warning: 'uploadData' is assigned a value but never used.  @typescript-eslint/no-unused-vars
100:15  Warning: 'data' is assigned a value but never used.  @typescript-eslint/no-unused-vars
139:21  Warning: Unexpected any. Specify a different type.  @typescript-eslint/no-explicit-any
174:21  Warning: Unexpected any. Specify a different type.  @typescript-eslint/no-explicit-any
208:21  Warning: Unexpected any. Specify a different type.  @typescript-eslint/no-explicit-any

./src/app/admin/layout.tsx
12:36  Warning: Unexpected any. Specify a different type.  @typescript-eslint/no-explicit-any

./src/app/admin/page.tsx
6:20  Warning: 'getCollections' is defined but never used.  @typescript-eslint/no-unused-vars
21:36  Warning: Unexpected any. Specify a different type.  @typescript-eslint/no-explicit-any
52:6  Warning: React Hook useEffect has a missing dependency: 'loadAlbums'. Either include it or remove the dependency array.  react-hooks/exhaustive-deps
345:35  Warning: Using `<img>` could result in slower LCP and higher bandwidth. Consider using `<Image />` from `next/image` or a custom image loader to automatically optimize images. This may incur additional usage or cost from your provider. See: https://nextjs.org/docs/messages/no-img-element  @next/next/no-img-element
399:29  Warning: Using `<img>` could result in slower LCP and higher bandwidth. Consider using `<Image />` from `next/image` or a custom image loader to automatically optimize images. This may incur additional usage or cost from your provider. See: https://nextjs.org/docs/messages/no-img-element  @next/next/no-img-element

./src/app/admin/test-upload/page.tsx
9:40  Warning: Unexpected any. Specify a different type.  @typescript-eslint/no-explicit-any
91:19  Warning: Unexpected any. Specify a different type.  @typescript-eslint/no-explicit-any

./src/app/albums/page.tsx
96:25  Warning: Using `<img>` could result in slower LCP and higher bandwidth. Consider using `<Image />` from `next/image` or a custom image loader to automatically optimize images. This may incur additional usage or cost from your provider. See: https://nextjs.org/docs/messages/no-img-element  @next/next/no-img-element

./src/app/albums/[slug]/page.tsx
221:23  Warning: Using `<img>` could result in slower LCP and higher bandwidth. Consider using `<Image />` from `next/image` or a custom image loader to automatically optimize images. This may incur additional usage or cost from your provider. See: https://nextjs.org/docs/messages/no-img-element  @next/next/no-img-element

./src/app/api/admin/security-logs/route.ts
54:45  Warning: Unexpected any. Specify a different type.  @typescript-eslint/no-explicit-any

./src/app/api/check-access/route.ts
22:28  Warning: 'error' is never reassigned. Use 'const' instead.  prefer-const

./src/app/api/checkout/vip.ts
69:27  Warning: 'req' is defined but never used.  @typescript-eslint/no-unused-vars

./src/app/api/create-checkout-session/route.ts
41:45  Warning: Unexpected any. Specify a different type.  @typescript-eslint/no-explicit-any
164:22  Warning: Unexpected any. Specify a different type.  @typescript-eslint/no-explicit-any

./src/app/api/list-collections/route.ts
9:27  Warning: 'request' is defined but never used.  @typescript-eslint/no-unused-vars

./src/app/api/protected-video/route.ts
60:9  Warning: 'userAgent' is assigned a value but never used.  @typescript-eslint/no-unused-vars
70:17  Warning: Unexpected any. Specify a different type.  @typescript-eslint/no-explicit-any
71:14  Warning: Unexpected any. Specify a different type.  @typescript-eslint/no-explicit-any
184:25  Warning: Unexpected any. Specify a different type.  @typescript-eslint/no-explicit-any
216:9  Warning: 'signedUrlError' is assigned a value but never used.  @typescript-eslint/no-unused-vars

./src/app/api/route.ts
54:51  Warning: Unexpected any. Specify a different type.  @typescript-eslint/no-explicit-any
61:118  Warning: Unexpected any. Specify a different type.  @typescript-eslint/no-explicit-any

./src/app/api/verify-purchase/route.ts
25:17  Warning: 'purchases' is never reassigned. Use 'const' instead.  prefer-const
25:35  Warning: 'purchaseError' is never reassigned. Use 'const' instead.  prefer-const
73:51  Warning: Unexpected any. Specify a different type.  @typescript-eslint/no-explicit-any
80:51  Warning: Unexpected any. Specify a different type.  @typescript-eslint/no-explicit-any
139:33  Warning: Unexpected any. Specify a different type.  @typescript-eslint/no-explicit-any

./src/app/api/webhooks/stripe/route.ts
32:17  Warning: Unexpected any. Specify a different type.  @typescript-eslint/no-explicit-any
85:51  Warning: Unexpected any. Specify a different type.  @typescript-eslint/no-explicit-any
92:51  Warning: Unexpected any. Specify a different type.  @typescript-eslint/no-explicit-any
132:51  Warning: Unexpected any. Specify a different type.  @typescript-eslint/no-explicit-any

./src/app/cart/page.tsx
34:36  Warning: Unexpected any. Specify a different type.  @typescript-eslint/no-explicit-any
58:6  Warning: React Hook useEffect has missing dependencies: 'handleCartUpdate' and 'loadAllCollections'. Either include them or remove the dependency array.  react-hooks/exhaustive-deps
124:46  Warning: Unexpected any. Specify a different type.  @typescript-eslint/no-explicit-any
150:9  Warning: 'formatDuration' is assigned a value but never used.  @typescript-eslint/no-unused-vars
342:23  Warning: Using `<img>` could result in slower LCP and higher bandwidth. Consider using `<Image />` from `next/image` or a custom image loader to automatically optimize images. This may incur additional usage or cost from your provider. See: https://nextjs.org/docs/messages/no-img-element  @next/next/no-img-element
430:27  Warning: Using `<img>` could result in slower LCP and higher bandwidth. Consider using `<Image />` from `next/image` or a custom image loader to automatically optimize images. This may incur additional usage or cost from your provider. See: https://nextjs.org/docs/messages/no-img-element  @next/next/no-img-element
598:51  Warning: `'` can be escaped with `&apos;`, `&lsquo;`, `&#39;`, `&rsquo;`.  react/no-unescaped-entities

./src/app/collections/CollectionsClient.tsx
5:10  Warning: 'Heart' is defined but never used.  @typescript-eslint/no-unused-vars
5:38  Warning: 'AlertTriangle' is defined but never used.  @typescript-eslint/no-unused-vars
23:9  Warning: Unexpected any. Specify a different type.  @typescript-eslint/no-explicit-any
148:41  Warning: 'index' is defined but never used.  @typescript-eslint/no-unused-vars

./src/app/collections/watch/[videoId]/VideoPlayer.tsx
13:51  Warning: 'expiresAt' is defined but never used.  @typescript-eslint/no-unused-vars
14:36  Warning: Unexpected any. Specify a different type.  @typescript-eslint/no-explicit-any
115:16  Warning: '_' is defined but never used.  @typescript-eslint/no-unused-vars
119:32  Warning: Unexpected any. Specify a different type.  @typescript-eslint/no-explicit-any
421:69  Warning: '_' is defined but never used.  @typescript-eslint/no-unused-vars

./src/app/collections/[id]/watch/page.tsx
3:31  Warning: 'useRef' is defined but never used.  @typescript-eslint/no-unused-vars
5:35  Warning: 'checkAccess' is defined but never used.  @typescript-eslint/no-unused-vars
18:10  Warning: 'user' is assigned a value but never used.  @typescript-eslint/no-unused-vars
18:36  Warning: Unexpected any. Specify a different type.  @typescript-eslint/no-explicit-any
19:48  Warning: Unexpected any. Specify a different type.  @typescript-eslint/no-explicit-any
174:21  Warning: Unexpected any. Specify a different type.  @typescript-eslint/no-explicit-any
227:9  Warning: 'openCarousel' is assigned a value but never used.  @typescript-eslint/no-unused-vars

./src/app/donate/page.tsx
5:17  Warning: 'DollarSign' is defined but never used.  @typescript-eslint/no-unused-vars
5:29  Warning: 'CreditCard' is defined but never used.  @typescript-eslint/no-unused-vars
10:36  Warning: Unexpected any. Specify a different type.  @typescript-eslint/no-explicit-any
95:20  Warning: 'redirectError' is defined but never used.  @typescript-eslint/no-unused-vars

./src/app/fullscreen/page.tsx
67:59  Warning: Unexpected any. Specify a different type.  @typescript-eslint/no-explicit-any
103:62  Warning: Unexpected any. Specify a different type.  @typescript-eslint/no-explicit-any
104:56  Warning: Unexpected any. Specify a different type.  @typescript-eslint/no-explicit-any
105:56  Warning: Unexpected any. Specify a different type.  @typescript-eslint/no-explicit-any
106:56  Warning: Unexpected any. Specify a different type.  @typescript-eslint/no-explicit-any
107:60  Warning: Unexpected any. Specify a different type.  @typescript-eslint/no-explicit-any
211:11  Warning: Using `<img>` could result in slower LCP and higher bandwidth. Consider using `<Image />` from `next/image` or a custom image loader to automatically optimize images. This may incur additional usage or cost from your provider. See: https://nextjs.org/docs/messages/no-img-element  @next/next/no-img-element

./src/app/ios-player/page.tsx
83:103  Warning: 'e' is defined but never used.  @typescript-eslint/no-unused-vars
98:62  Warning: Unexpected any. Specify a different type.  @typescript-eslint/no-explicit-any
99:56  Warning: Unexpected any. Specify a different type.  @typescript-eslint/no-explicit-any
100:56  Warning: Unexpected any. Specify a different type.  @typescript-eslint/no-explicit-any
101:56  Warning: Unexpected any. Specify a different type.  @typescript-eslint/no-explicit-any
102:60  Warning: Unexpected any. Specify a different type.  @typescript-eslint/no-explicit-any
105:6  Warning: React Hook useEffect has a missing dependency: 'isSeeking'. Either include it or remove the dependency array.  react-hooks/exhaustive-deps
131:16  Warning: 'e' is defined but never used.  @typescript-eslint/no-unused-vars

./src/app/login/page.tsx
10:36  Warning: Unexpected any. Specify a different type.  @typescript-eslint/no-explicit-any

./src/app/success/SuccessClient.tsx
39:10  Warning: 'totalAmount' is assigned a value but never used.  @typescript-eslint/no-unused-vars
49:6  Warning: React Hook useEffect has a missing dependency: 'verifyPurchases'. Either include it or remove the dependency array.  react-hooks/exhaustive-deps
66:25  Warning: Unexpected any. Specify a different type.  @typescript-eslint/no-explicit-any
76:21  Warning: 'sessionPurchases' is never reassigned. Use 'const' instead.  prefer-const
76:46  Warning: 'sessionError' is never reassigned. Use 'const' instead.  prefer-const
276:19  Warning: Unexpected any. Specify a different type.  @typescript-eslint/no-explicit-any
328:64  Warning: `'` can be escaped with `&apos;`, `&lsquo;`, `&#39;`, `&rsquo;`.  react/no-unescaped-entities
398:39  Warning: 'index' is defined but never used.  @typescript-eslint/no-unused-vars

./src/app/watch/page.tsx
6:10  Warning: 'Maximize2' is defined but never used.  @typescript-eslint/no-unused-vars
6:21  Warning: 'Minimize2' is defined but never used.  @typescript-eslint/no-unused-vars
8:8  Warning: 'MobileFullscreenVideo' is defined but never used.  @typescript-eslint/no-unused-vars
43:36  Warning: Unexpected any. Specify a different type.  @typescript-eslint/no-explicit-any
44:10  Warning: 'isBlurred' is assigned a value but never used.  @typescript-eslint/no-unused-vars
44:21  Warning: 'setIsBlurred' is assigned a value but never used.  @typescript-eslint/no-unused-vars
54:10  Warning: 'showMobileFullscreen' is assigned a value but never used.  @typescript-eslint/no-unused-vars
121:6  Warning: React Hook useEffect has a missing dependency: 'loadPurchase'. Either include it or remove the dependency array.  react-hooks/exhaustive-deps
134:79  Warning: Unexpected any. Specify a different type.  @typescript-eslint/no-explicit-any
145:45  Warning: Unexpected any. Specify a different type.  @typescript-eslint/no-explicit-any
146:42  Warning: Unexpected any. Specify a different type.  @typescript-eslint/no-explicit-any
147:45  Warning: Unexpected any. Specify a different type.  @typescript-eslint/no-explicit-any
148:42  Warning: Unexpected any. Specify a different type.  @typescript-eslint/no-explicit-any
153:33  Warning: Unexpected any. Specify a different type.  @typescript-eslint/no-explicit-any
154:30  Warning: Unexpected any. Specify a different type.  @typescript-eslint/no-explicit-any
155:33  Warning: Unexpected any. Specify a different type.  @typescript-eslint/no-explicit-any
156:30  Warning: Unexpected any. Specify a different type.  @typescript-eslint/no-explicit-any
357:31  Warning: 'index' is defined but never used.  @typescript-eslint/no-unused-vars
449:11  Warning: 'detectScreenCapture' is assigned a value but never used.  @typescript-eslint/no-unused-vars
536:46  Warning: Unexpected any. Specify a different type.  @typescript-eslint/no-explicit-any
538:44  Warning: Unexpected any. Specify a different type.  @typescript-eslint/no-explicit-any
542:18  Warning: 'e' is defined but never used.  @typescript-eslint/no-unused-vars
673:6  Warning: React Hook useEffect has a missing dependency: 'report'. Either include it or remove the dependency array.  react-hooks/exhaustive-deps
729:65  Warning: Unexpected any. Specify a different type.  @typescript-eslint/no-explicit-any
751:63  Warning: Unexpected any. Specify a different type.  @typescript-eslint/no-explicit-any

./src/app/watch/[id]/page.tsx
5:23  Warning: 'Play' is defined but never used.  @typescript-eslint/no-unused-vars
5:29  Warning: 'Pause' is defined but never used.  @typescript-eslint/no-unused-vars
5:36  Warning: 'Volume2' is defined but never used.  @typescript-eslint/no-unused-vars
5:45  Warning: 'VolumeX' is defined but never used.  @typescript-eslint/no-unused-vars
36:1  Warning: Prevent Client Components from being async functions. See: https://nextjs.org/docs/messages/no-async-client-component  @next/next/no-async-client-component
55:10  Warning: 'showControls' is assigned a value but never used.  @typescript-eslint/no-unused-vars
55:24  Warning: 'setShowControls' is assigned a value but never used.  @typescript-eslint/no-unused-vars
66:11  Warning: 'preventDownload' is assigned a value but never used.  @typescript-eslint/no-unused-vars
71:11  Warning: 'preventRightClick' is assigned a value but never used.  @typescript-eslint/no-unused-vars
76:11  Warning: 'preventKeyboardShortcuts' is assigned a value but never used.  @typescript-eslint/no-unused-vars
239:6  Warning: React Hook useEffect has a missing dependency: 'loadPurchase'. Either include it or remove the dependency array.  react-hooks/exhaustive-deps
330:19  Warning: Unexpected any. Specify a different type.  @typescript-eslint/no-explicit-any
338:9  Warning: 'handlePlayPause' is assigned a value but never used.  @typescript-eslint/no-unused-vars
342:9  Warning: 'handleMuteToggle' is assigned a value but never used.  @typescript-eslint/no-unused-vars
346:9  Warning: 'handleVideoEnded' is assigned a value but never used.  @typescript-eslint/no-unused-vars
350:9  Warning: 'handleVideoPlay' is assigned a value but never used.  @typescript-eslint/no-unused-vars
354:9  Warning: 'handleVideoPause' is assigned a value but never used.  @typescript-eslint/no-unused-vars

./src/components/CollectionCard.tsx
70:13  Warning: Using `<img>` could result in slower LCP and higher bandwidth. Consider using `<Image />` from `next/image` or a custom image loader to automatically optimize images. This may incur additional usage or cost from your provider. See: https://nextjs.org/docs/messages/no-img-element  @next/next/no-img-element

./src/components/ConstructionBanner.tsx
48:111  Warning: `'` can be escaped with `&apos;`, `&lsquo;`, `&#39;`, `&rsquo;`.  react/no-unescaped-entities

./src/components/HeroSection.tsx
21:10  Warning: 'loading' is assigned a value but never used.  @typescript-eslint/no-unused-vars
22:10  Warning: 'error' is assigned a value but never used.  @typescript-eslint/no-unused-vars
22:17  Warning: 'setError' is assigned a value but never used.  @typescript-eslint/no-unused-vars
23:36  Warning: Unexpected any. Specify a different type.  @typescript-eslint/no-explicit-any
25:10  Warning: 'videosPlaying' is assigned a value but never used.  @typescript-eslint/no-unused-vars
38:6  Warning: React Hook useEffect has a missing dependency: 'loadAllVideoUrls'. Either include it or remove the dependency array.  react-hooks/exhaustive-deps
66:13  Warning: Unexpected any. Specify a different type.  @typescript-eslint/no-explicit-any

./src/components/LegalDisclaimer.tsx
89:219  Warning: `'` can be escaped with `&apos;`, `&lsquo;`, `&#39;`, `&rsquo;`.  react/no-unescaped-entities
127:29  Warning: `'` can be escaped with `&apos;`, `&lsquo;`, `&#39;`, `&rsquo;`.  react/no-unescaped-entities
172:54  Warning: `"` can be escaped with `&quot;`, `&ldquo;`, `&#34;`, `&rdquo;`.  react/no-unescaped-entities
172:72  Warning: `"` can be escaped with `&quot;`, `&ldquo;`, `&#34;`, `&rdquo;`.  react/no-unescaped-entities

./src/components/MediaCarousel.tsx
4:40  Warning: 'Play' is defined but never used.  @typescript-eslint/no-unused-vars
4:46  Warning: 'Pause' is defined but never used.  @typescript-eslint/no-unused-vars
40:10  Warning: 'videoLoaded' is assigned a value but never used.  @typescript-eslint/no-unused-vars
41:10  Warning: 'videoDimensions' is assigned a value but never used.  @typescript-eslint/no-unused-vars
45:36  Warning: Unexpected any. Specify a different type.  @typescript-eslint/no-explicit-any
90:22  Warning: Unexpected any. Specify a different type.  @typescript-eslint/no-explicit-any
91:22  Warning: Unexpected any. Specify a different type.  @typescript-eslint/no-explicit-any
92:22  Warning: Unexpected any. Specify a different type.  @typescript-eslint/no-explicit-any
146:79  Warning: Unexpected any. Specify a different type.  @typescript-eslint/no-explicit-any
149:77  Warning: Unexpected any. Specify a different type.  @typescript-eslint/no-explicit-any
161:41  Warning: Unexpected any. Specify a different type.  @typescript-eslint/no-explicit-any
170:14  Warning: '_' is defined but never used.  @typescript-eslint/no-unused-vars
178:16  Warning: '_' is defined but never used.  @typescript-eslint/no-unused-vars
216:32  Warning: Unexpected any. Specify a different type.  @typescript-eslint/no-explicit-any
534:13  Warning: Using `<img>` could result in slower LCP and higher bandwidth. Consider using `<Image />` from `next/image` or a custom image loader to automatically optimize images. This may incur additional usage or cost from your provider. See: https://nextjs.org/docs/messages/no-img-element  @next/next/no-img-element
569:71  Warning: '_' is defined but never used.  @typescript-eslint/no-unused-vars

./src/components/MediaItemCard.tsx
28:3  Warning: 'onDelete' is defined but never used.  @typescript-eslint/no-unused-vars
49:14  Warning: 'error' is defined but never used.  @typescript-eslint/no-unused-vars
72:11  Warning: Using `<img>` could result in slower LCP and higher bandwidth. Consider using `<Image />` from `next/image` or a custom image loader to automatically optimize images. This may incur additional usage or cost from your provider. See: https://nextjs.org/docs/messages/no-img-element  @next/next/no-img-element

./src/components/MobileFullscreenVideo.tsx
4:44  Warning: 'Maximize2' is defined but never used.  @typescript-eslint/no-unused-vars
38:10  Warning: 'isFullscreen' is assigned a value but never used.  @typescript-eslint/no-unused-vars
38:24  Warning: 'setIsFullscreen' is assigned a value but never used.  @typescript-eslint/no-unused-vars
53:20  Warning: '_' is defined but never used.  @typescript-eslint/no-unused-vars
59:18  Warning: '_' is defined but never used.  @typescript-eslint/no-unused-vars
67:70  Warning: Unexpected any. Specify a different type.  @typescript-eslint/no-explicit-any
157:48  Warning: '_' is defined but never used.  @typescript-eslint/no-unused-vars

./src/components/PurchaseLegalDisclaimer.tsx
99:219  Warning: `'` can be escaped with `&apos;`, `&lsquo;`, `&#39;`, `&rsquo;`.  react/no-unescaped-entities
134:29  Warning: `'` can be escaped with `&apos;`, `&lsquo;`, `&#39;`, `&rsquo;`.  react/no-unescaped-entities
176:54  Warning: `"` can be escaped with `&quot;`, `&ldquo;`, `&#34;`, `&rdquo;`.  react/no-unescaped-entities
176:78  Warning: `"` can be escaped with `&quot;`, `&ldquo;`, `&#34;`, `&rdquo;`.  react/no-unescaped-entities

./src/components/QualityComparison.tsx
6:21  Warning: 'setActiveTab' is assigned a value but never used.  @typescript-eslint/no-unused-vars

./src/components/Toast.tsx
38:6  Warning: React Hook useCallback has a missing dependency: 'removeToast'. Either include it or remove the dependency array.  react-hooks/exhaustive-deps

./src/components/UploadForm.tsx
5:10  Warning: 'requireAdmin' is defined but never used.  @typescript-eslint/no-unused-vars
99:19  Warning: Unexpected any. Specify a different type.  @typescript-eslint/no-explicit-any
213:19  Warning: Unexpected any. Specify a different type.  @typescript-eslint/no-explicit-any

./src/lib/analytics.ts
8:31  Warning: Unexpected any. Specify a different type.  @typescript-eslint/no-explicit-any
112:28  Warning: Unexpected any. Specify a different type.  @typescript-eslint/no-explicit-any
127:28  Warning: Unexpected any. Specify a different type.  @typescript-eslint/no-explicit-any

./src/lib/auth.ts
45:39  Warning: 'userId' is defined but never used.  @typescript-eslint/no-unused-vars
58:33  Warning: 'email' is defined but never used.  @typescript-eslint/no-unused-vars

./src/lib/email.ts
16:3  Warning: 'purchaseId' is defined but never used.  @typescript-eslint/no-unused-vars
17:3  Warning: 'accessUrl' is defined but never used.  @typescript-eslint/no-unused-vars
32:3  Warning: 'details' is defined but never used.  @typescript-eslint/no-unused-vars
32:27  Warning: Unexpected any. Specify a different type.  @typescript-eslint/no-explicit-any
54:58  Warning: 'resetToken' is defined but never used.  @typescript-eslint/no-unused-vars
65:76  Warning: Unexpected any. Specify a different type.  @typescript-eslint/no-explicit-any

./src/lib/external-storage.ts
52:19  Warning: Unexpected any. Specify a different type.  @typescript-eslint/no-explicit-any
62:3  Warning: 'file' is defined but never used.  @typescript-eslint/no-unused-vars
63:3  Warning: 'config' is defined but never used.  @typescript-eslint/no-unused-vars
72:19  Warning: Unexpected any. Specify a different type.  @typescript-eslint/no-explicit-any

./src/lib/rateLimit.ts
45:9  Warning: 'windowStart' is assigned a value but never used.  @typescript-eslint/no-unused-vars

./src/lib/supabase.ts
153:17  Warning: Unexpected any. Specify a different type.  @typescript-eslint/no-explicit-any
183:50  Warning: Unexpected any. Specify a different type.  @typescript-eslint/no-explicit-any
191:62  Warning: Unexpected any. Specify a different type.  @typescript-eslint/no-explicit-any
209:52  Warning: Unexpected any. Specify a different type.  @typescript-eslint/no-explicit-any
241:61  Warning: Unexpected any. Specify a different type.  @typescript-eslint/no-explicit-any
279:42  Warning: Unexpected any. Specify a different type.  @typescript-eslint/no-explicit-any
287:56  Warning: Unexpected any. Specify a different type.  @typescript-eslint/no-explicit-any
296:48  Warning: Unexpected any. Specify a different type.  @typescript-eslint/no-explicit-any
339:45  Warning: Unexpected any. Specify a different type.  @typescript-eslint/no-explicit-any

./src/lib/whatsapp.ts
15:3  Warning: 'mediaUrl' is defined but never used.  @typescript-eslint/no-unused-vars

./src/pages/collections/index.tsx
31:9  Warning: 'router' is assigned a value but never used.  @typescript-eslint/no-unused-vars
72:14  Warning: 'err' is defined but never used.  @typescript-eslint/no-unused-vars
128:19  Warning: Unexpected any. Specify a different type.  @typescript-eslint/no-explicit-any
165:13  Warning: Using `<img>` could result in slower LCP and higher bandwidth. Consider using `<Image />` from `next/image` or a custom image loader to automatically optimize images. This may incur additional usage or cost from your provider. See: https://nextjs.org/docs/messages/no-img-element  @next/next/no-img-element

./src/pages/collections/watch/[videoId].tsx
24:19  Warning: Unexpected any. Specify a different type.  @typescript-eslint/no-explicit-any

./src/types/next-routes.d.ts
5:15  Warning: Unexpected any. Specify a different type.  @typescript-eslint/no-explicit-any
10:15  Warning: Unexpected any. Specify a different type.  @typescript-eslint/no-explicit-any
15:15  Warning: Unexpected any. Specify a different type.  @typescript-eslint/no-explicit-any
21:15  Warning: Unexpected any. Specify a different type.  @typescript-eslint/no-explicit-any
26:15  Warning: Unexpected any. Specify a different type.  @typescript-eslint/no-explicit-any

info  - Need to disable some ESLint rules? Learn more here: https://nextjs.org/docs/app/api-reference/config/eslint#disabling-rules
   Collecting page data ...
Error: supabaseKey is required.
    at new bE (C:\Users\justi\-name-exclusive-lex-1\.next\server\chunks\2281.js:6:77768)
    at bF (C:\Users\justi\-name-exclusive-lex-1\.next\server\chunks\2281.js:6:82587)
    at 91393 (C:\Users\justi\-name-exclusive-lex-1\.next\server\app\api\check-access\route.js:1:1764)
    at c (C:\Users\justi\-name-exclusive-lex-1\.next\server\webpack-runtime.js:1:128)
    at <unknown> (C:\Users\justi\-name-exclusive-lex-1\.next\server\app\api\check-access\route.js:61:6436)
    at c.X (C:\Users\justi\-name-exclusive-lex-1\.next\server\webpack-runtime.js:1:1206)
    at <unknown> (C:\Users\justi\-name-exclusive-lex-1\.next\server\app\api\check-access\route.js:61:6411)
    at Object.<anonymous> (C:\Users\justi\-name-exclusive-lex-1\.next\server\app\api\check-access\route.js:61:6468)

> Build error occurred
[Error: Failed to collect page data for /api/check-access] {
  type: 'Error'
}
